"20-basic-classes.cl", line 1:18, Semantic error: Class A has undefined parent IO
Exception in thread "main" java.lang.NullPointerException
	at cool.compiler.ResolutionPassVisitor.visit(ResolutionPassVisitor.java:353)
	at cool.compiler.ResolutionPassVisitor.visit(ResolutionPassVisitor.java:8)
	at cool.compiler.Dispatch.accept(ASTNode.java:185)
	at cool.compiler.ResolutionPassVisitor.visit(ResolutionPassVisitor.java:250)
	at cool.compiler.ResolutionPassVisitor.visit(ResolutionPassVisitor.java:8)
	at cool.compiler.Dispatch.accept(ASTNode.java:185)
	at cool.compiler.ResolutionPassVisitor.visit(ResolutionPassVisitor.java:250)
	at cool.compiler.ResolutionPassVisitor.visit(ResolutionPassVisitor.java:8)
	at cool.compiler.Dispatch.accept(ASTNode.java:185)
	at cool.compiler.ResolutionPassVisitor.visit(ResolutionPassVisitor.java:716)
	at cool.compiler.ResolutionPassVisitor.visit(ResolutionPassVisitor.java:8)
	at cool.compiler.VarDef.accept(ASTNode.java:89)
	at cool.compiler.ResolutionPassVisitor.visit(ResolutionPassVisitor.java:187)
	at cool.compiler.ResolutionPassVisitor.visit(ResolutionPassVisitor.java:8)
	at cool.compiler.ClassDef.accept(ASTNode.java:143)
	at cool.compiler.ResolutionPassVisitor.visit(ResolutionPassVisitor.java:683)
	at cool.compiler.ResolutionPassVisitor.visit(ResolutionPassVisitor.java:8)
	at cool.compiler.Program.accept(ASTNode.java:538)
	at cool.compiler.Compiler.main(Compiler.java:795)
make[1]: *** [Makefile:54: run] Error 1
