"mytest.cl", line 3:7, Semantic error: Class Int is redefined
"mytest.cl", line 7:7, Semantic error: Class has illegal name SELF_TYPE
"mytest.cl", line 11:7, Semantic error: Class D is redefined
"mytest.cl", line 1:21, Semantic error: Class BB__ has undefined parent A
"mytest.cl", line 5:18, Semantic error: Class C has illegal parent Int
"mytest.cl", line 9:18, Semantic error: Class D has illegal parent SELF_TYPE
"mytest.cl", line 13:7, Semantic error: Inheritance cycle for class E
"mytest.cl", line 14:7, Semantic error: Inheritance cycle for class F
"mytest.cl", line 15:7, Semantic error: Inheritance cycle for class G
"mytest.cl", line 21:7, Semantic error: Inheritance cycle for class KL
"mytest.cl", line 22:7, Semantic error: Inheritance cycle for class MN
Compilation halted
